{
  "type": "https://tools.ietf.org/html/rfc9110#section-15.5.1",
  "title": "One or more validation errors occurred.",
  "status": 400,
  "errors": {
    "player": [
      "The player field is required."
    ],
    "$.SquadNumber": [
      "The JSON value could not be converted to System.Int32. Path: $.SquadNumber | LineNumber: 0 | BytePositionInLine: 103."
    ]
  },
  "traceId": "00-c9fb4890f41a211a610acd653c739ee0-57bb2d2a475aca65-00"
}
