{
  "type": "https://tools.ietf.org/html/rfc9110#section-15.5.1",
  "title": "One or more validation errors occurred.",
  "status": 400,
  "errors": {
    "player": [
      "The player field is required."
    ],
    "$.SquadNumber": [
      "The JSON value could not be converted to System.Int32. Path: $.SquadNumber | LineNumber: 0 | BytePositionInLine: 103."
    ]
  },
  "traceId": "00-6e28c49cf6039da4dc186faceb6d142a-970d82a5cdf0e980-00"
}
