{
  "type": "https://tools.ietf.org/html/rfc9110#section-15.5.1",
  "title": "One or more validation errors occurred.",
  "status": 400,
  "errors": {
    "player": [
      "The player field is required."
    ],
    "$.FirstName": [
      "The JSON value could not be converted to System.String. Path: $.FirstName | LineNumber: 0 | BytePositionInLine: 21."
    ]
  },
  "traceId": "00-bb7afceb840324d0de40e37ee4a07403-9ef06529122bb92b-00"
}
