{
  "type": "https://tools.ietf.org/html/rfc9110#section-15.5.1",
  "title": "One or more validation errors occurred.",
  "status": 400,
  "errors": {
    "player": [
      "The player field is required."
    ],
    "$.FirstName": [
      "The JSON value could not be converted to System.String. Path: $.FirstName | LineNumber: 0 | BytePositionInLine: 21."
    ]
  },
  "traceId": "00-33e25f9d3b8d5acdd7adc8598c6313b9-4ed1b405f6975ec4-00"
}
