{
  "type": "https://tools.ietf.org/html/rfc9110#section-15.5.1",
  "title": "One or more validation errors occurred.",
  "status": 400,
  "errors": {
    "player": [
      "The player field is required."
    ],
    "$.FirstName": [
      "The JSON value could not be converted to System.String. Path: $.FirstName | LineNumber: 0 | BytePositionInLine: 21."
    ]
  },
  "traceId": "00-95e79c6014e521e2a66398324c10793d-e6fbb79029606977-00"
}
