{
  "type": "https://tools.ietf.org/html/rfc9110#section-15.5.1",
  "title": "One or more validation errors occurred.",
  "status": 400,
  "errors": {
    "player": [
      "The player field is required."
    ],
    "$.SquadNumber": [
      "The JSON value could not be converted to System.Int32. Path: $.SquadNumber | LineNumber: 0 | BytePositionInLine: 103."
    ]
  },
  "traceId": "00-8fb009314b86c6c153e17ae874dfa72b-617c53b3aa99cfa0-00"
}
